// Jest Snapshot v1, https://goo.gl/fbAQLP

exports[`provider list command lists both local and prebuilt providers with tabular output 1`] = `
"┌───────────────┬──────────────────┬─────────┬────────────┬──────────────────────────────────────────────────┬─────────────────┐
│ Provider Name │ Provider Version │ CDKTF   │ Constraint │ Package Name                                     │ Package Version │
├───────────────┼──────────────────┼─────────┼────────────┼──────────────────────────────────────────────────┼─────────────────┤
│ local         │ 2.2.3            │         │ =2.2.3     │                                                  │
├───────────────┼──────────────────┼─────────┼────────────┼──────────────────────────────────────────────────┼─────────────────┤
│ random        │ 3.4.3            │ ^0.13.0 │            │ github.com/cdktf/cdktf-provider-random-go/random │ 3.0.11          │
└───────────────┴──────────────────┴─────────┴────────────┴──────────────────────────────────────────────────┴─────────────────┘
"
`;
